[2025-05-30 07:23:34] INFO: * (int *) e: 7
[2025-05-30 07:23:34] INFO: * (int *) e: 7
[2025-05-30 07:23:34] INFO: * (int *) e: 7
[2025-05-30 07:23:34] INFO: * (int *) e: 7
[2025-05-30 07:24:28] INFO: * (int *) e: 7
[2025-05-30 07:24:28] INFO: * (int *) e: 7
[2025-05-30 07:24:28] INFO: * (int *) e: 7
[2025-05-30 07:24:28] INFO: * (int *) e: 7
